\BOOKMARK [0][-]{chapter.1}{\376\377\0001\000.\000\040\000L\000a\000\040\000M\000o\000n\000e\000t\000a\000\040\000e\000\040\000i\000l\000\040\000B\000a\000r\000a\000t\000t\000o}{}% 1
\BOOKMARK [1][-]{section.1.1}{\376\377\0001\000.\0001\000\040\000C\000i\000r\000c\000o\000l\000a\000z\000i\000o\000n\000e\000\040\000d\000e\000l\000l\000a\000\040\000M\000o\000n\000e\000t\000a}{chapter.1}% 2
\BOOKMARK [0][-]{chapter.2}{\376\377\0002\000.\000\040\000D\000I\000R\000I\000T\000T\000I\000\040\000E\000C\000O\000N\000O\000M\000I\000C\000I}{}% 3
\BOOKMARK [1][-]{section.2.1}{\376\377\0002\000.\0001\000\040\000-\000\040\000I\000L\000\040\000L\000A\000V\000O\000R\000O}{chapter.2}% 4
\BOOKMARK [1][-]{section.2.2}{\376\377\0002\000.\0002\000\040\000-\000\040\000C\000C\000N\000L\000\040\000-\000\040\000C\000o\000n\000t\000r\000a\000t\000t\000o\000\040\000C\000o\000l\000l\000e\000t\000t\000i\000v\000o\000\040\000N\000a\000z\000i\000o\000n\000a\000l\000e\000\040\000d\000i\000\040\000L\000a\000v\000o\000r\000o}{chapter.2}% 5
\BOOKMARK [1][-]{section.2.3}{\376\377\0002\000.\0003\000\040\000-\000\040\000I\000\040\000S\000i\000n\000d\000a\000c\000a\000t\000i}{chapter.2}% 6
\BOOKMARK [1][-]{section.2.4}{\376\377\0002\000.\0004\000\040\000-\000\040\000I\000\040\000D\000I\000R\000I\000T\000T\000I\000\040\000D\000E\000I\000\040\000L\000A\000V\000O\000R\000A\000T\000O\000R\000I}{chapter.2}% 7
\BOOKMARK [1][-]{section.2.5}{\376\377\0002\000.\0005\000\040\000-\000\040\000D\000O\000V\000E\000R\000I}{chapter.2}% 8
\BOOKMARK [1][-]{section.2.6}{\376\377\0002\000.\0006\000\040\000-\000\040\000C\000E\000S\000S\000A\000Z\000I\000O\000N\000E\000\040\000D\000E\000L\000\040\000L\000A\000V\000O\000R\000O}{chapter.2}% 9
\BOOKMARK [0][-]{chapter.3}{\376\377\0003\000.\000\040\000D\000I\000R\000I\000T\000T\000I\000\040\000D\000E\000G\000L\000I\000\040\000I\000M\000P\000R\000E\000N\000D\000I\000T\000O\000R\000I}{}% 10
\BOOKMARK [0][-]{chapter.4}{\376\377\0004\000.\000\040\000L\040\031\000I\000N\000F\000L\000A\000Z\000I\000O\000N\000E}{}% 11
\BOOKMARK [1][-]{section.4.1}{\376\377\0004\000.\0001\000\040\000-\000\040\000C\000A\000U\000S\000E\000\040\000I\000N\000F\000L\000A\000Z\000I\000O\000N\000E}{chapter.4}% 12
\BOOKMARK [1][-]{section.4.2}{\376\377\0004\000.\0002\000\040\000-\000\040\000M\000I\000S\000U\000R\000A\000Z\000I\000O\000N\000E\000\040\000I\000N\000F\000L\000A\000Z\000I\000O\000N\000E}{chapter.4}% 13
\BOOKMARK [0][-]{chapter.5}{\376\377\000D\000O\000V\000E\000R\000I\000\040\000C\000O\000S\000T\000I\000T\000U\000Z\000I\000O\000N\000A\000L\000I}{}% 14
\BOOKMARK [0][-]{chapter.6}{\376\377\000I\000l\000\040\000S\000i\000s\000t\000e\000m\000a\000\040\000E\000L\000E\000T\000T\000O\000R\000A\000L\000E}{}% 15
\BOOKMARK [0][-]{chapter.7}{\376\377\000D\000I\000R\000I\000T\000T\000O\000\040\000D\000I\000\040\000V\000O\000T\000O\000\040\000E\000D\000\040\000E\000L\000E\000Z\000I\000O\000N\000I}{}% 16
\BOOKMARK [0][-]{chapter.8}{\376\377\000I\000L\000\040\000P\000A\000R\000L\000A\000M\000E\000N\000T\000O}{}% 17
\BOOKMARK [1][-]{section.8.1}{\376\377\000F\000U\000N\000Z\000I\000O\000N\000A\000M\000E\000N\000T\000O\000\040\000D\000E\000L\000L\000E\000\040\000C\000A\000M\000E\000R\000E}{chapter.8}% 18
\BOOKMARK [0][-]{chapter.9}{\376\377\000P\000R\000O\000C\000E\000D\000I\000M\000E\000N\000T\000O\000\040\000L\000E\000G\000I\000S\000L\000A\000T\000I\000V\000O\000\040\000\050\000L\000E\000G\000G\000E\000\051}{}% 19
\BOOKMARK [0][-]{chapter.10}{\376\377\000I\000T\000E\000R\000\040\000L\000E\000G\000I\000S\000L\000A\000T\000I\000V\000O\000\040\000A\000B\000B\000R\000E\000V\000I\000A\000T\000O\000\040\000E\000\040\000A\000G\000G\000R\000A\000V\000A\000T\000O}{}% 20
\BOOKMARK [0][-]{chapter.11}{\376\377\000I\000L\000\040\000R\000E\000F\000E\000R\000E\000N\000D\000U\000M}{}% 21
\BOOKMARK [0][-]{chapter.12}{\376\377\000I\000l\000\040\000G\000o\000v\000e\000r\000n\000o\000:\000\040\000P\000r\000o\000c\000e\000d\000u\000r\000a\000\040\000d\000i\000\040\000F\000o\000r\000m\000a\000z\000i\000o\000n\000e}{}% 22
\BOOKMARK [0][-]{chapter.13}{\376\377\000D\000I\000R\000I\000T\000T\000I\000\040\000C\000O\000S\000T\000I\000T\000U\000Z\000I\000O\000N\000A\000L\000I}{}% 23
\BOOKMARK [0][-]{chapter.14}{\376\377\000I\000l\000\040\000G\000o\000v\000e\000r\000n\000o}{}% 24
\BOOKMARK [0][-]{chapter.15}{\376\377\000I\000l\000\040\000p\000o\000t\000e\000r\000e\000\040\000n\000o\000r\000m\000a\000t\000i\000v\000o\000\040\000d\000e\000l\000\040\000G\000o\000v\000e\000r\000n\000o}{}% 25
\BOOKMARK [0][-]{chapter.16}{\376\377\000P\000O\000T\000E\000R\000E\000\040\000R\000E\000G\000O\000L\000A\000M\000E\000N\000T\000A\000R\000E\000\040\000D\000E\000L\000\040\000G\000O\000V\000E\000R\000N\000O}{}% 26
\BOOKMARK [0][-]{chapter.17}{\376\377\000L\000a\000\040\000c\000r\000i\000s\000i\000\040\000d\000i\000\040\000g\000o\000v\000e\000r\000n\000o}{}% 27
\BOOKMARK [0][-]{chapter.18}{\376\377\000L\000a\000\040\000F\000i\000d\000u\000c\000i\000a\000\040\000e\000\040\000g\000l\000i\000\040\000s\000t\000r\000u\000m\000e\000n\000t\000i\000\040\000p\000a\000r\000l\000a\000m\000e\000n\000t\000a\000r\000i}{}% 28
\BOOKMARK [0][-]{chapter.19}{\376\377\000C\000o\000r\000t\000e\000\040\000C\000o\000s\000t\000i\000t\000u\000z\000i\000o\000n\000a\000l\000e}{}% 29
\BOOKMARK [0][-]{chapter.20}{\376\377\000L\000e\000\040\000a\000l\000t\000r\000e\000\040\000c\000o\000m\000p\000e\000t\000e\000n\000z\000e\000\040\000d\000e\000l\000l\000a\000\040\000C\000o\000r\000t\000e\000\040\000C\000o\000s\000t\000i\000t\000u\000z\000i\000o\000n\000a\000l\000e}{}% 30
\BOOKMARK [0][-]{chapter.21}{\376\377\000E\000s\000i\000t\000o\000\040\000d\000e\000l\000\040\000g\000i\000u\000d\000i\000z\000i\000o\000\040\000d\000e\000l\000l\000a\000\040\000C\000o\000r\000t\000e}{}% 31
\BOOKMARK [0][-]{chapter.22}{\376\377\000I\000l\000\040\000P\000r\000e\000s\000i\000d\000e\000n\000t\000e\000\040\000d\000e\000l\000l\000a\000\040\000R\000e\000p\000u\000b\000b\000l\000i\000c\000a\000\040\000\050\000P\000d\000R\000\051}{}% 32
\BOOKMARK [0][-]{chapter.23}{\376\377\000I\000n\000t\000e\000r\000m\000e\000d\000i\000a\000r\000i\000\040\000f\000i\000n\000a\000n\000z\000i\000a\000r\000i}{}% 33
\BOOKMARK [0][-]{chapter.24}{\376\377\000M\000e\000r\000c\000a\000t\000o\000\040\000a\000p\000e\000r\000t\000o\000\040\000d\000e\000i\000\040\000c\000a\000p\000i\000t\000a\000l\000i}{}% 34
\BOOKMARK [0][-]{chapter.25}{\376\377\000I\000l\000\040\000S\000i\000s\000t\000e\000m\000a\000\040\000B\000a\000n\000c\000a\000r\000i\000o}{}% 35
\BOOKMARK [0][-]{chapter.26}{\376\377\000G\000l\000i\000\040\000o\000p\000e\000r\000a\000t\000o\000r\000i\000\040\000d\000e\000l\000\040\000m\000e\000r\000c\000a\000t\000o\000\040\000f\000i\000n\000a\000n\000z\000i\000a\000r\000i\000o}{}% 36
\BOOKMARK [0][-]{chapter.27}{\376\377\000I\000l\000\040\000M\000e\000r\000c\000a\000t\000o\000\040\000d\000e\000i\000\040\000c\000a\000m\000b\000i}{}% 37
